Vivado Simulator v2025.1.0
Copyright 1986-2022 Xilinx, Inc. All Rights Reserved.
Copyright 2022-2025 Advanced Micro Devices, Inc. All Rights Reserved.
Running: D:/Xilinx/2025.1/Vivado/bin/unwrapped/win64.o/xelab.exe --incr --debug typical --relax --mt 2 -L xil_defaultlib -L unisims_ver -L unimacro_ver -L secureip --snapshot tb_IF_behav xil_defaultlib.tb_IF xil_defaultlib.glbl -log elaborate.log 
Using 2 slave threads.
Starting static elaboration
Pass Through NonSizing Optimizer
WARNING: [VRFC 10-2861] module 'Adder' does not have a parameter named NB_PC [D:/MisCosas/1-Facultad/5to/ARQUI/tps/tp-final-risc-v-pipeline-processor/project_1/project_1.srcs/sources_1/IF/InstructionFetch.v:39]
WARNING: [VRFC 10-3091] actual bit length 1 differs from formal bit length 32 for port 'i_operand_b' [D:/MisCosas/1-Facultad/5to/ARQUI/tps/tp-final-risc-v-pipeline-processor/project_1/project_1.srcs/sources_1/IF/InstructionFetch.v:42]
Completed static elaboration
Starting simulation data flow analysis
Completed simulation data flow analysis
Time Resolution for simulation is 1ps
Compiling module xil_defaultlib.PosEdgeRegister
Compiling module xil_defaultlib.Adder
Compiling module xil_defaultlib.InstructionMemory
Compiling module xil_defaultlib.InstructionFetch
Compiling module xil_defaultlib.tb_IF
Compiling module xil_defaultlib.glbl
Built simulation snapshot tb_IF_behav
